WARNING: A restricted method in java.lang.System has been called
WARNING: java.lang.System::load has been called by org.fusesource.jansi.internal.JansiLoader in an unnamed module (file:/C:/Users/DELL/tools/apache-maven-3.9.9/lib/jansi-2.4.1.jar)
WARNING: Use --enable-native-access=ALL-UNNAMED to avoid a warning for callers in this module
WARNING: Restricted methods will be blocked in a future release unless native access is enabled
System.Management.Automation.RemoteException
WARNING: A terminally deprecated method in sun.misc.Unsafe has been called
WARNING: sun.misc.Unsafe::objectFieldOffset has been called by com.google.common.util.concurrent.AbstractFuture$UnsafeAtomicHelper (file:/C:/Users/DELL/tools/apache-maven-3.9.9/lib/guava-33.2.1-jre.jar)
WARNING: Please consider reporting this to the maintainers of class com.google.common.util.concurrent.AbstractFuture$UnsafeAtomicHelper
WARNING: sun.misc.Unsafe::objectFieldOffset will be removed in a future release
[INFO] Scanning for projects...
[INFO] 
[INFO] -----------------< com.securetask:securetask-backend >------------------
[INFO] Building SecureTask 1.0.0
[INFO]   from pom.xml
[INFO] --------------------------------[ jar ]---------------------------------
[INFO] 
[INFO] --- resources:3.3.1:resources (default-resources) @ securetask-backend ---
[INFO] Copying 1 resource from src\main\resources to target\classes
[INFO] Copying 0 resource from src\main\resources to target\classes
[INFO] 
[INFO] --- compiler:3.13.0:compile (default-compile) @ securetask-backend ---
[INFO] Recompiling the module because of changed source code.
[INFO] Compiling 21 source files with javac [debug parameters release 21] to target\classes
[INFO] -------------------------------------------------------------
[ERROR] COMPILATION ERROR : 
[INFO] -------------------------------------------------------------
[ERROR] /E:/CYS_projects/SecureTaskManagement_application/securetask-backend/src/main/java/com/securetask/service/AuthService.java:[78,49] cannot find symbol
  symbol:   method getEmail()
  location: variable request of type com.securetask.dto.RegisterRequest
[ERROR] /E:/CYS_projects/SecureTaskManagement_application/securetask-backend/src/main/java/com/securetask/service/AuthService.java:[84,32] cannot find symbol
  symbol:   method getName()
  location: variable request of type com.securetask.dto.RegisterRequest
[ERROR] /E:/CYS_projects/SecureTaskManagement_application/securetask-backend/src/main/java/com/securetask/service/AuthService.java:[85,33] cannot find symbol
  symbol:   method getEmail()
  location: variable request of type com.securetask.dto.RegisterRequest
[ERROR] /E:/CYS_projects/SecureTaskManagement_application/securetask-backend/src/main/java/com/securetask/service/AuthService.java:[87,59] cannot find symbol
  symbol:   method getPassword()
  location: variable request of type com.securetask.dto.RegisterRequest
[ERROR] /E:/CYS_projects/SecureTaskManagement_application/securetask-backend/src/main/java/com/securetask/service/AuthService.java:[89,16] cannot find symbol
  symbol:   method setRole(com.securetask.entity.UserRole)
  location: variable newUser of type com.securetask.entity.User
[ERROR] /E:/CYS_projects/SecureTaskManagement_application/securetask-backend/src/main/java/com/securetask/service/AuthService.java:[110,64] cannot find symbol
  symbol:   method getEmail()
  location: variable request of type com.securetask.dto.LoginRequest
[ERROR] /E:/CYS_projects/SecureTaskManagement_application/securetask-backend/src/main/java/com/securetask/service/AuthService.java:[110,84] cannot find symbol
  symbol:   method getPassword()
  location: variable request of type com.securetask.dto.LoginRequest
[ERROR] /E:/CYS_projects/SecureTaskManagement_application/securetask-backend/src/main/java/com/securetask/service/AuthService.java:[114,55] cannot find symbol
  symbol:   method getEmail()
  location: variable request of type com.securetask.dto.LoginRequest
[ERROR] /E:/CYS_projects/SecureTaskManagement_application/securetask-backend/src/main/java/com/securetask/service/AuthService.java:[123,36] cannot find symbol
  symbol:   method getId()
  location: variable user of type com.securetask.entity.User
[ERROR] /E:/CYS_projects/SecureTaskManagement_application/securetask-backend/src/main/java/com/securetask/service/AuthService.java:[124,34] cannot find symbol
  symbol:   method getName()
  location: variable user of type com.securetask.entity.User
[ERROR] /E:/CYS_projects/SecureTaskManagement_application/securetask-backend/src/main/java/com/securetask/service/AuthService.java:[125,35] cannot find symbol
  symbol:   method getEmail()
  location: variable user of type com.securetask.entity.User
[ERROR] /E:/CYS_projects/SecureTaskManagement_application/securetask-backend/src/main/java/com/securetask/service/AuthService.java:[126,34] cannot find symbol
  symbol:   method getRole()
  location: variable user of type com.securetask.entity.User
[ERROR] /E:/CYS_projects/SecureTaskManagement_application/securetask-backend/src/main/java/com/securetask/entity/User.java:[43,8] com.securetask.entity.User is not abstract and does not override abstract method getPassword() in org.springframework.security.core.userdetails.UserDetails
[ERROR] /E:/CYS_projects/SecureTaskManagement_application/securetask-backend/src/main/java/com/securetask/entity/Task.java:[80,35] cannot find symbol
  symbol:   method getId()
  location: variable user of type com.securetask.entity.User
[ERROR] /E:/CYS_projects/SecureTaskManagement_application/securetask-backend/src/main/java/com/securetask/service/TaskService.java:[61,24] cannot find symbol
  symbol:   method getRole()
  location: variable currentUser of type com.securetask.entity.User
[ERROR] /E:/CYS_projects/SecureTaskManagement_application/securetask-backend/src/main/java/com/securetask/service/TaskService.java:[66,59] cannot find symbol
  symbol:   method getId()
  location: variable currentUser of type com.securetask.entity.User
[ERROR] /E:/CYS_projects/SecureTaskManagement_application/securetask-backend/src/main/java/com/securetask/service/TaskService.java:[85,24] cannot find symbol
  symbol:   method getRole()
  location: variable currentUser of type com.securetask.entity.User
[ERROR] /E:/CYS_projects/SecureTaskManagement_application/securetask-backend/src/main/java/com/securetask/service/TaskService.java:[86,53] cannot find symbol
  symbol:   method getId()
  location: variable currentUser of type com.securetask.entity.User
[ERROR] /E:/CYS_projects/SecureTaskManagement_application/securetask-backend/src/main/java/com/securetask/service/TaskService.java:[102,30] cannot find symbol
  symbol:   method getTitle()
  location: variable request of type com.securetask.dto.TaskRequest
[ERROR] /E:/CYS_projects/SecureTaskManagement_application/securetask-backend/src/main/java/com/securetask/service/TaskService.java:[103,36] cannot find symbol
  symbol:   method getDescription()
  location: variable request of type com.securetask.dto.TaskRequest
[ERROR] /E:/CYS_projects/SecureTaskManagement_application/securetask-backend/src/main/java/com/securetask/service/TaskService.java:[106,20] cannot find symbol
  symbol:   method getPriority()
  location: variable request of type com.securetask.dto.TaskRequest
[ERROR] /E:/CYS_projects/SecureTaskManagement_application/securetask-backend/src/main/java/com/securetask/service/TaskService.java:[107,37] cannot find symbol
  symbol:   method getPriority()
  location: variable request of type com.securetask.dto.TaskRequest
[ERROR] /E:/CYS_projects/SecureTaskManagement_application/securetask-backend/src/main/java/com/securetask/service/TaskService.java:[109,20] cannot find symbol
  symbol:   method getStatus()
  location: variable request of type com.securetask.dto.TaskRequest
[ERROR] /E:/CYS_projects/SecureTaskManagement_application/securetask-backend/src/main/java/com/securetask/service/TaskService.java:[110,35] cannot find symbol
  symbol:   method getStatus()
  location: variable request of type com.securetask.dto.TaskRequest
[ERROR] /E:/CYS_projects/SecureTaskManagement_application/securetask-backend/src/main/java/com/securetask/service/TaskService.java:[115,13] cannot find symbol
  symbol:   method setUser(com.securetask.entity.User)
  location: variable task of type com.securetask.entity.Task
[ERROR] /E:/CYS_projects/SecureTaskManagement_application/securetask-backend/src/main/java/com/securetask/service/TaskService.java:[137,24] cannot find symbol
  symbol:   method getRole()
  location: variable currentUser of type com.securetask.entity.User
[ERROR] /E:/CYS_projects/SecureTaskManagement_application/securetask-backend/src/main/java/com/securetask/service/TaskService.java:[138,61] cannot find symbol
  symbol:   method getId()
  location: variable currentUser of type com.securetask.entity.User
[ERROR] /E:/CYS_projects/SecureTaskManagement_application/securetask-backend/src/main/java/com/securetask/service/TaskService.java:[143,38] cannot find symbol
  symbol:   method getTitle()
  location: variable request of type com.securetask.dto.TaskRequest
[ERROR] /E:/CYS_projects/SecureTaskManagement_application/securetask-backend/src/main/java/com/securetask/service/TaskService.java:[144,44] cannot find symbol
  symbol:   method getDescription()
  location: variable request of type com.securetask.dto.TaskRequest
[ERROR] /E:/CYS_projects/SecureTaskManagement_application/securetask-backend/src/main/java/com/securetask/service/TaskService.java:[145,20] cannot find symbol
  symbol:   method getPriority()
  location: variable request of type com.securetask.dto.TaskRequest
[ERROR] /E:/CYS_projects/SecureTaskManagement_application/securetask-backend/src/main/java/com/securetask/service/TaskService.java:[146,45] cannot find symbol
  symbol:   method getPriority()
  location: variable request of type com.securetask.dto.TaskRequest
[ERROR] /E:/CYS_projects/SecureTaskManagement_application/securetask-backend/src/main/java/com/securetask/service/TaskService.java:[148,20] cannot find symbol
  symbol:   method getStatus()
  location: variable request of type com.securetask.dto.TaskRequest
[ERROR] /E:/CYS_projects/SecureTaskManagement_application/securetask-backend/src/main/java/com/securetask/service/TaskService.java:[149,43] cannot find symbol
  symbol:   method getStatus()
  location: variable request of type com.securetask.dto.TaskRequest
[ERROR] /E:/CYS_projects/SecureTaskManagement_application/securetask-backend/src/main/java/com/securetask/service/TaskService.java:[169,24] cannot find symbol
  symbol:   method getRole()
  location: variable currentUser of type com.securetask.entity.User
[ERROR] /E:/CYS_projects/SecureTaskManagement_application/securetask-backend/src/main/java/com/securetask/service/TaskService.java:[170,53] cannot find symbol
  symbol:   method getId()
  location: variable currentUser of type com.securetask.entity.User
[INFO] 35 errors 
[INFO] -------------------------------------------------------------
[INFO] ------------------------------------------------------------------------
[INFO] BUILD FAILURE
[INFO] ------------------------------------------------------------------------
[INFO] Total time:  3.232 s
[INFO] Finished at: 2026-08-22T19:16:11+05:30
[INFO] ------------------------------------------------------------------------
[ERROR] Failed to execute goal org.apache.maven.plugins:maven-compiler-plugin:3.13.0:compile (default-compile) on project securetask-backend: Compilation failure: Compilation failure: 
[ERROR] /E:/CYS_projects/SecureTaskManagement_application/securetask-backend/src/main/java/com/securetask/service/AuthService.java:[78,49] cannot find symbol
[ERROR]   symbol:   method getEmail()
[ERROR]   location: variable request of type com.securetask.dto.RegisterRequest
[ERROR] /E:/CYS_projects/SecureTaskManagement_application/securetask-backend/src/main/java/com/securetask/service/AuthService.java:[84,32] cannot find symbol
[ERROR]   symbol:   method getName()
[ERROR]   location: variable request of type com.securetask.dto.RegisterRequest
[ERROR] /E:/CYS_projects/SecureTaskManagement_application/securetask-backend/src/main/java/com/securetask/service/AuthService.java:[85,33] cannot find symbol
[ERROR]   symbol:   method getEmail()
[ERROR]   location: variable request of type com.securetask.dto.RegisterRequest
[ERROR] /E:/CYS_projects/SecureTaskManagement_application/securetask-backend/src/main/java/com/securetask/service/AuthService.java:[87,59] cannot find symbol
[ERROR]   symbol:   method getPassword()
[ERROR]   location: variable request of type com.securetask.dto.RegisterRequest
[ERROR] /E:/CYS_projects/SecureTaskManagement_application/securetask-backend/src/main/java/com/securetask/service/AuthService.java:[89,16] cannot find symbol
[ERROR]   symbol:   method setRole(com.securetask.entity.UserRole)
[ERROR]   location: variable newUser of type com.securetask.entity.User
[ERROR] /E:/CYS_projects/SecureTaskManagement_application/securetask-backend/src/main/java/com/securetask/service/AuthService.java:[110,64] cannot find symbol
[ERROR]   symbol:   method getEmail()
[ERROR]   location: variable request of type com.securetask.dto.LoginRequest
[ERROR] /E:/CYS_projects/SecureTaskManagement_application/securetask-backend/src/main/java/com/securetask/service/AuthService.java:[110,84] cannot find symbol
[ERROR]   symbol:   method getPassword()
[ERROR]   location: variable request of type com.securetask.dto.LoginRequest
[ERROR] /E:/CYS_projects/SecureTaskManagement_application/securetask-backend/src/main/java/com/securetask/service/AuthService.java:[114,55] cannot find symbol
[ERROR]   symbol:   method getEmail()
[ERROR]   location: variable request of type com.securetask.dto.LoginRequest
[ERROR] /E:/CYS_projects/SecureTaskManagement_application/securetask-backend/src/main/java/com/securetask/service/AuthService.java:[123,36] cannot find symbol
[ERROR]   symbol:   method getId()
[ERROR]   location: variable user of type com.securetask.entity.User
[ERROR] /E:/CYS_projects/SecureTaskManagement_application/securetask-backend/src/main/java/com/securetask/service/AuthService.java:[124,34] cannot find symbol
[ERROR]   symbol:   method getName()
[ERROR]   location: variable user of type com.securetask.entity.User
[ERROR] /E:/CYS_projects/SecureTaskManagement_application/securetask-backend/src/main/java/com/securetask/service/AuthService.java:[125,35] cannot find symbol
[ERROR]   symbol:   method getEmail()
[ERROR]   location: variable user of type com.securetask.entity.User
[ERROR] /E:/CYS_projects/SecureTaskManagement_application/securetask-backend/src/main/java/com/securetask/service/AuthService.java:[126,34] cannot find symbol
[ERROR]   symbol:   method getRole()
[ERROR]   location: variable user of type com.securetask.entity.User
[ERROR] /E:/CYS_projects/SecureTaskManagement_application/securetask-backend/src/main/java/com/securetask/entity/User.java:[43,8] com.securetask.entity.User is not abstract and does not override abstract method getPassword() in org.springframework.security.core.userdetails.UserDetails
[ERROR] /E:/CYS_projects/SecureTaskManagement_application/securetask-backend/src/main/java/com/securetask/entity/Task.java:[80,35] cannot find symbol
[ERROR]   symbol:   method getId()
[ERROR]   location: variable user of type com.securetask.entity.User
[ERROR] /E:/CYS_projects/SecureTaskManagement_application/securetask-backend/src/main/java/com/securetask/service/TaskService.java:[61,24] cannot find symbol
[ERROR]   symbol:   method getRole()
[ERROR]   location: variable currentUser of type com.securetask.entity.User
[ERROR] /E:/CYS_projects/SecureTaskManagement_application/securetask-backend/src/main/java/com/securetask/service/TaskService.java:[66,59] cannot find symbol
[ERROR]   symbol:   method getId()
[ERROR]   location: variable currentUser of type com.securetask.entity.User
[ERROR] /E:/CYS_projects/SecureTaskManagement_application/securetask-backend/src/main/java/com/securetask/service/TaskService.java:[85,24] cannot find symbol
[ERROR]   symbol:   method getRole()
[ERROR]   location: variable currentUser of type com.securetask.entity.User
[ERROR] /E:/CYS_projects/SecureTaskManagement_application/securetask-backend/src/main/java/com/securetask/service/TaskService.java:[86,53] cannot find symbol
[ERROR]   symbol:   method getId()
[ERROR]   location: variable currentUser of type com.securetask.entity.User
[ERROR] /E:/CYS_projects/SecureTaskManagement_application/securetask-backend/src/main/java/com/securetask/service/TaskService.java:[102,30] cannot find symbol
[ERROR]   symbol:   method getTitle()
[ERROR]   location: variable request of type com.securetask.dto.TaskRequest
[ERROR] /E:/CYS_projects/SecureTaskManagement_application/securetask-backend/src/main/java/com/securetask/service/TaskService.java:[103,36] cannot find symbol
[ERROR]   symbol:   method getDescription()
[ERROR]   location: variable request of type com.securetask.dto.TaskRequest
[ERROR] /E:/CYS_projects/SecureTaskManagement_application/securetask-backend/src/main/java/com/securetask/service/TaskService.java:[106,20] cannot find symbol
[ERROR]   symbol:   method getPriority()
[ERROR]   location: variable request of type com.securetask.dto.TaskRequest
[ERROR] /E:/CYS_projects/SecureTaskManagement_application/securetask-backend/src/main/java/com/securetask/service/TaskService.java:[107,37] cannot find symbol
[ERROR]   symbol:   method getPriority()
[ERROR]   location: variable request of type com.securetask.dto.TaskRequest
[ERROR] /E:/CYS_projects/SecureTaskManagement_application/securetask-backend/src/main/java/com/securetask/service/TaskService.java:[109,20] cannot find symbol
[ERROR]   symbol:   method getStatus()
[ERROR]   location: variable request of type com.securetask.dto.TaskRequest
[ERROR] /E:/CYS_projects/SecureTaskManagement_application/securetask-backend/src/main/java/com/securetask/service/TaskService.java:[110,35] cannot find symbol
[ERROR]   symbol:   method getStatus()
[ERROR]   location: variable request of type com.securetask.dto.TaskRequest
[ERROR] /E:/CYS_projects/SecureTaskManagement_application/securetask-backend/src/main/java/com/securetask/service/TaskService.java:[115,13] cannot find symbol
[ERROR]   symbol:   method setUser(com.securetask.entity.User)
[ERROR]   location: variable task of type com.securetask.entity.Task
[ERROR] /E:/CYS_projects/SecureTaskManagement_application/securetask-backend/src/main/java/com/securetask/service/TaskService.java:[137,24] cannot find symbol
[ERROR]   symbol:   method getRole()
[ERROR]   location: variable currentUser of type com.securetask.entity.User
[ERROR] /E:/CYS_projects/SecureTaskManagement_application/securetask-backend/src/main/java/com/securetask/service/TaskService.java:[138,61] cannot find symbol
[ERROR]   symbol:   method getId()
[ERROR]   location: variable currentUser of type com.securetask.entity.User
[ERROR] /E:/CYS_projects/SecureTaskManagement_application/securetask-backend/src/main/java/com/securetask/service/TaskService.java:[143,38] cannot find symbol
[ERROR]   symbol:   method getTitle()
[ERROR]   location: variable request of type com.securetask.dto.TaskRequest
[ERROR] /E:/CYS_projects/SecureTaskManagement_application/securetask-backend/src/main/java/com/securetask/service/TaskService.java:[144,44] cannot find symbol
[ERROR]   symbol:   method getDescription()
[ERROR]   location: variable request of type com.securetask.dto.TaskRequest
[ERROR] /E:/CYS_projects/SecureTaskManagement_application/securetask-backend/src/main/java/com/securetask/service/TaskService.java:[145,20] cannot find symbol
[ERROR]   symbol:   method getPriority()
[ERROR]   location: variable request of type com.securetask.dto.TaskRequest
[ERROR] /E:/CYS_projects/SecureTaskManagement_application/securetask-backend/src/main/java/com/securetask/service/TaskService.java:[146,45] cannot find symbol
[ERROR]   symbol:   method getPriority()
[ERROR]   location: variable request of type com.securetask.dto.TaskRequest
[ERROR] /E:/CYS_projects/SecureTaskManagement_application/securetask-backend/src/main/java/com/securetask/service/TaskService.java:[148,20] cannot find symbol
[ERROR]   symbol:   method getStatus()
[ERROR]   location: variable request of type com.securetask.dto.TaskRequest
[ERROR] /E:/CYS_projects/SecureTaskManagement_application/securetask-backend/src/main/java/com/securetask/service/TaskService.java:[149,43] cannot find symbol
[ERROR]   symbol:   method getStatus()
[ERROR]   location: variable request of type com.securetask.dto.TaskRequest
[ERROR] /E:/CYS_projects/SecureTaskManagement_application/securetask-backend/src/main/java/com/securetask/service/TaskService.java:[169,24] cannot find symbol
[ERROR]   symbol:   method getRole()
[ERROR]   location: variable currentUser of type com.securetask.entity.User
[ERROR] /E:/CYS_projects/SecureTaskManagement_application/securetask-backend/src/main/java/com/securetask/service/TaskService.java:[170,53] cannot find symbol
[ERROR]   symbol:   method getId()
[ERROR]   location: variable currentUser of type com.securetask.entity.User
[ERROR] -> [Help 1]
[ERROR] 
[ERROR] To see the full stack trace of the errors, re-run Maven with the -e switch.
[ERROR] Re-run Maven using the -X switch to enable full debug logging.
[ERROR] 
[ERROR] For more information about the errors and possible solutions, please read the following articles:
[ERROR] [Help 1] http://cwiki.apache.org/confluence/display/MAVEN/MojoFailureException
